2025-09-29 13:21:27 | INFO | imlvr.main | FastAPI server started on http://0.0.0.0:8000
2025-09-29 13:21:29 | INFO | imlvr.main | Startup: created components
2025-09-29 13:21:29 | INFO | imlvr.main | Loaded checkpoint @iter=5 | labeled=200 | unlabeled=7695
2025-09-29 13:21:29 | INFO | imlvr.main | Loaded human annotations: 0
2025-09-29 13:21:29 | INFO | imlvr.main | Split ready | train=7895 | labeled_seed=200 | unlabeled_seed=7695 | test=837
2025-09-29 13:21:53 | INFO | imlvr.imlvr.active_learning | Run start | start_iter=5 | steps=5
2025-09-29 13:21:53 | INFO | imlvr.imlvr.active_learning | step=5 | batch=32 | loss=1.3948 | acc=0.656
2025-09-29 13:21:53 | WARNING | imlvr.communicator | Failed to send metrics @iter=5: 404 Client Error: Not Found for url: http://localhost:8000/metrics
2025-09-29 13:21:53 | INFO | imlvr.imlvr.active_learning | Gather full dataset view (for frontend)
2025-09-29 13:22:24 | INFO | imlvr.main | FastAPI server started on http://0.0.0.0:8000
2025-09-29 13:22:25 | INFO | imlvr.main | Startup: created components
2025-09-29 13:22:25 | INFO | imlvr.main | No checkpoint found; starting fresh
2025-09-29 13:22:25 | INFO | imlvr.main | Loaded human annotations: 0
2025-09-29 13:22:25 | INFO | imlvr.main | Split ready | train=7895 | labeled_seed=200 | unlabeled_seed=7695 | test=837
2025-09-29 13:22:46 | INFO | imlvr.imlvr.active_learning | Run start | start_iter=0 | steps=5
2025-09-29 13:22:46 | INFO | imlvr.imlvr.active_learning | step=0 | batch=32 | loss=2.2583 | acc=0.125
2025-09-29 13:22:46 | WARNING | imlvr.communicator | Failed to send metrics @iter=0: 404 Client Error: Not Found for url: http://localhost:8000/metrics
2025-09-29 13:22:46 | INFO | imlvr.imlvr.active_learning | Gather full dataset view (for frontend)
2025-09-29 13:28:40 | INFO | imlvr.main | FastAPI server started on http://0.0.0.0:8000
2025-09-29 13:28:41 | INFO | imlvr.main | Startup: created components
2025-09-29 13:28:41 | INFO | imlvr.main | No checkpoint found; starting fresh
2025-09-29 13:28:41 | INFO | imlvr.main | Loaded human annotations: 0
2025-09-29 13:28:42 | INFO | imlvr.loader | Cache miss | train_ex_fold10_e2a3cf6e_sr16000_dur4.0 | computing embeddings n=7895
2025-09-29 13:30:09 | INFO | imlvr.loader | compute_embeddings | duration_ms=87645.57 | {'split': 'train_ex_fold10', 'n': 7895}
2025-09-29 13:30:09 | INFO | imlvr.loader | Cache saved | train_ex_fold10_e2a3cf6e_sr16000_dur4.0
2025-09-29 13:30:09 | INFO | imlvr.loader | Cache miss | test_fold10_6400a4b8_sr16000_dur4.0 | computing embeddings n=837
2025-09-29 13:30:19 | INFO | imlvr.loader | compute_embeddings | duration_ms=9321.37 | {'split': 'test_fold10', 'n': 837}
2025-09-29 13:30:19 | INFO | imlvr.loader | Cache saved | test_fold10_6400a4b8_sr16000_dur4.0
2025-09-29 13:30:19 | INFO | imlvr.main | Split ready | train=7895 | labeled_seed=200 | unlabeled_seed=7695 | test=837
2025-09-29 13:30:42 | INFO | imlvr.imlvr.active_learning | Run start | start_iter=0 | steps=5
2025-09-29 13:30:42 | INFO | imlvr.imlvr.active_learning | step=0 | batch=32 | loss=2.3299 | acc=0.031
2025-09-29 13:30:42 | WARNING | imlvr.communicator | Failed to send metrics @iter=0: 404 Client Error: Not Found for url: http://localhost:8000/metrics
2025-09-29 13:30:42 | INFO | imlvr.imlvr.active_learning | Gather full dataset view (for frontend)
2025-09-29 13:34:19 | INFO | imlvr.main | FastAPI server started on http://0.0.0.0:8000
2025-09-29 13:34:22 | INFO | imlvr.main | Startup: created components
2025-09-29 13:34:22 | INFO | imlvr.main | No checkpoint found; starting fresh
2025-09-29 13:34:22 | INFO | imlvr.main | Loaded human annotations: 0
2025-09-29 13:37:00 | INFO | imlvr.main | Interrupted by user
2025-09-29 13:37:08 | INFO | imlvr.main | FastAPI server started on http://0.0.0.0:8000
2025-09-29 13:37:10 | INFO | imlvr.main | Startup: created components
2025-09-29 13:37:10 | INFO | imlvr.main | No checkpoint found; starting fresh
2025-09-29 13:37:10 | INFO | imlvr.main | Loaded human annotations: 0
2025-09-29 13:37:10 | INFO | imlvr.main | Split ready | train=7895 | labeled_seed=200 | unlabeled_seed=7695 | test=837
2025-09-29 13:37:34 | INFO | imlvr.imlvr.active_learning | Run start | start_iter=0 | steps=5
2025-09-29 13:37:34 | INFO | imlvr.imlvr.active_learning | step=0 | batch=32 | loss=2.3085 | acc=0.094
2025-09-29 13:37:34 | WARNING | imlvr.communicator | Failed to send metrics @iter=0: 404 Client Error: Not Found for url: http://localhost:8000/metrics
2025-09-29 13:37:34 | INFO | imlvr.imlvr.active_learning | Gather full dataset view (for frontend)
2025-09-29 13:38:23 | INFO | imlvr.main | FastAPI server started on http://0.0.0.0:8000
2025-09-29 13:38:24 | INFO | imlvr.main | Startup: created components
2025-09-29 13:38:24 | INFO | imlvr.main | No checkpoint found; starting fresh
2025-09-29 13:38:24 | INFO | imlvr.main | Loaded human annotations: 0
2025-09-29 13:38:24 | INFO | imlvr.main | Split ready | train=7895 | labeled_seed=200 | unlabeled_seed=7695 | test=837
2025-09-29 13:38:45 | INFO | imlvr.imlvr.active_learning | Run start | start_iter=0 | steps=5
2025-09-29 13:38:46 | INFO | imlvr.imlvr.active_learning | step=0 | batch=32 | loss=2.2903 | acc=0.125
2025-09-29 13:38:46 | WARNING | imlvr.communicator | Failed to send metrics @iter=0: 404 Client Error: Not Found for url: http://localhost:8000/metrics
2025-09-29 13:38:46 | INFO | imlvr.imlvr.active_learning | Gather full dataset view (for frontend)
2025-09-29 13:38:46 | INFO | imlvr.imlvr.active_learning | Gathered view | total=7895 | dims=64
2025-09-29 13:38:46 | WARNING | imlvr.communicator | Failed to send embeddings @iter=0: 404 Client Error: Not Found for url: http://localhost:8000/latest_embeddings
2025-09-29 13:38:46 | INFO | imlvr.imlvr.active_learning | step=1 | batch=32 | loss=2.0955 | acc=0.312
2025-09-29 13:38:46 | WARNING | imlvr.communicator | Failed to send metrics @iter=1: 404 Client Error: Not Found for url: http://localhost:8000/metrics
2025-09-29 13:38:46 | INFO | imlvr.imlvr.active_learning | step=2 | batch=32 | loss=2.1229 | acc=0.250
2025-09-29 13:38:46 | WARNING | imlvr.communicator | Failed to send metrics @iter=2: 404 Client Error: Not Found for url: http://localhost:8000/metrics
2025-09-29 13:38:46 | INFO | imlvr.imlvr.active_learning | step=3 | batch=32 | loss=1.8976 | acc=0.469
2025-09-29 13:38:46 | WARNING | imlvr.communicator | Failed to send metrics @iter=3: 404 Client Error: Not Found for url: http://localhost:8000/metrics
2025-09-29 13:38:46 | INFO | imlvr.imlvr.active_learning | step=4 | batch=32 | loss=1.8049 | acc=0.531
2025-09-29 13:38:46 | WARNING | imlvr.communicator | Failed to send metrics @iter=4: 404 Client Error: Not Found for url: http://localhost:8000/metrics
2025-09-29 13:39:27 | INFO | imlvr.imlvr.active_learning | Suggest annotations | count=5
2025-09-29 13:39:27 | WARNING | imlvr.communicator | Failed to send annotation request: 404 Client Error: Not Found for url: http://localhost:8000/annotate
2025-09-29 13:39:27 | INFO | imlvr.main | Epoch end | iter=5 | test_acc=0.5054 | last_loss=1.8049
2025-09-29 13:39:27 | WARNING | imlvr.communicator | Failed to send metrics @iter=5: 404 Client Error: Not Found for url: http://localhost:8000/metrics
2025-09-29 13:39:27 | INFO | imlvr.main | Checkpoint saved
2025-09-29 13:39:47 | INFO | imlvr.main | Training run finished
2025-09-29 15:17:13 | INFO | imlvr.main | FastAPI server started on http://0.0.0.0:8000
2025-09-29 15:17:15 | INFO | imlvr.main | Interrupted by user
2025-09-29 15:21:46 | INFO | imlvr.main | FastAPI server started on http://0.0.0.0:8000
2025-09-29 15:21:47 | INFO | imlvr.main | Startup: created components
2025-09-29 15:21:47 | INFO | imlvr.main | Loaded checkpoint @iter=5 | labeled=200 | unlabeled=7695
2025-09-29 15:21:47 | INFO | imlvr.main | Loaded human annotations: 0
2025-09-29 15:21:47 | INFO | imlvr.main | Split ready | train=7895 | labeled_seed=200 | unlabeled_seed=7695 | test=837
2025-09-29 15:22:10 | INFO | imlvr.imlvr.active_learning | Run start | start_iter=5 | steps=5
2025-09-29 15:22:11 | INFO | imlvr.imlvr.active_learning | step=5 | batch=32 | loss=1.4281 | acc=0.719
2025-09-29 15:22:11 | INFO | imlvr.imlvr.api_metrics | Metrics | iter=5 | acc=0.7188 | loss=1.4281
2025-09-29 15:22:11 | INFO | imlvr.communicator | Sent metrics | iter=5 | acc=0.7188 | loss=1.4281
2025-09-29 15:22:11 | INFO | imlvr.imlvr.active_learning | Gather full dataset view (for frontend)
2025-09-29 15:22:11 | INFO | imlvr.imlvr.active_learning | Gathered view | total=7895 | dims=64
2025-09-29 15:22:11 | INFO | imlvr.communicator | Sent embeddings | iter=5 | shape=(7895, 64)
2025-09-29 15:22:11 | INFO | imlvr.imlvr.active_learning | step=6 | batch=32 | loss=1.5232 | acc=0.562
2025-09-29 15:22:11 | INFO | imlvr.imlvr.api_metrics | Metrics | iter=6 | acc=0.5625 | loss=1.5232
2025-09-29 15:22:11 | INFO | imlvr.communicator | Sent metrics | iter=6 | acc=0.5625 | loss=1.5232
2025-09-29 15:22:11 | INFO | imlvr.imlvr.active_learning | step=7 | batch=32 | loss=1.3359 | acc=0.625
2025-09-29 15:22:11 | INFO | imlvr.imlvr.api_metrics | Metrics | iter=7 | acc=0.6250 | loss=1.3359
2025-09-29 15:22:11 | INFO | imlvr.communicator | Sent metrics | iter=7 | acc=0.6250 | loss=1.3359
2025-09-29 15:22:11 | INFO | imlvr.imlvr.active_learning | step=8 | batch=32 | loss=1.3300 | acc=0.594
2025-09-29 15:22:11 | INFO | imlvr.imlvr.api_metrics | Metrics | iter=8 | acc=0.5938 | loss=1.3300
2025-09-29 15:22:11 | INFO | imlvr.communicator | Sent metrics | iter=8 | acc=0.5938 | loss=1.3300
2025-09-29 15:22:11 | INFO | imlvr.imlvr.active_learning | step=9 | batch=32 | loss=1.2130 | acc=0.656
2025-09-29 15:22:11 | INFO | imlvr.imlvr.api_metrics | Metrics | iter=9 | acc=0.6562 | loss=1.2130
2025-09-29 15:22:11 | INFO | imlvr.communicator | Sent metrics | iter=9 | acc=0.6562 | loss=1.2130
2025-09-29 15:22:56 | INFO | imlvr.imlvr.active_learning | Suggest annotations | count=5
2025-09-29 15:22:56 | INFO | imlvr.imlvr.api_annotations | New annotation request | count=5
2025-09-29 15:22:56 | INFO | imlvr.communicator | Sent annotation request | n=5
2025-09-29 15:22:56 | INFO | imlvr.main | Epoch end | iter=10 | test_acc=0.6045 | last_loss=1.2130
2025-09-29 15:22:56 | INFO | imlvr.imlvr.api_metrics | Metrics | iter=10 | acc=0.6045 | loss=1.2130
2025-09-29 15:22:56 | INFO | imlvr.communicator | Sent metrics | iter=10 | acc=0.6045 | loss=1.2130
2025-09-29 15:22:56 | INFO | imlvr.main | Checkpoint saved
2025-09-29 15:23:16 | INFO | imlvr.main | Training run finished
2025-09-29 15:46:17 | INFO | imlvr.main | FastAPI server started on http://0.0.0.0:8000
2025-09-29 15:46:18 | INFO | imlvr.main | Startup: created components
2025-09-29 15:46:18 | INFO | imlvr.main | No checkpoint found; starting fresh
2025-09-29 15:46:18 | INFO | imlvr.main | Loaded human annotations: 0
2025-09-29 15:46:19 | INFO | imlvr.main | Split ready | train=7895 | labeled_seed=200 | unlabeled_seed=7695 | test=837
2025-09-29 15:46:42 | INFO | imlvr.imlvr.active_learning | Run start | start_iter=0 | steps=7
2025-09-29 15:46:43 | INFO | imlvr.imlvr.active_learning | step=0 | batch=32 | loss=2.2845 | acc=0.094
2025-09-29 15:46:43 | INFO | imlvr.imlvr.api_metrics | Metrics | iter=0 | acc=0.0938 | loss=2.2845
2025-09-29 15:46:43 | INFO | imlvr.communicator | Sent metrics | iter=0 | acc=0.0938 | loss=2.2845
2025-09-29 15:46:43 | INFO | imlvr.imlvr.active_learning | Gather full dataset view (for frontend)
2025-09-29 15:46:43 | INFO | imlvr.imlvr.active_learning | Gathered view | total=7895 | dims=64
2025-09-29 15:46:43 | INFO | imlvr.communicator | Sent embeddings | iter=0 | shape=(7895, 64)
2025-09-29 15:46:43 | INFO | imlvr.imlvr.active_learning | step=1 | batch=32 | loss=2.1046 | acc=0.312
2025-09-29 15:46:43 | INFO | imlvr.imlvr.api_metrics | Metrics | iter=1 | acc=0.3125 | loss=2.1046
2025-09-29 15:46:43 | INFO | imlvr.communicator | Sent metrics | iter=1 | acc=0.3125 | loss=2.1046
2025-09-29 15:46:43 | INFO | imlvr.imlvr.active_learning | step=2 | batch=32 | loss=1.8787 | acc=0.312
2025-09-29 15:46:43 | INFO | imlvr.imlvr.api_metrics | Metrics | iter=2 | acc=0.3125 | loss=1.8787
2025-09-29 15:46:43 | INFO | imlvr.communicator | Sent metrics | iter=2 | acc=0.3125 | loss=1.8787
2025-09-29 15:46:43 | INFO | imlvr.imlvr.active_learning | step=3 | batch=32 | loss=1.8465 | acc=0.438
2025-09-29 15:46:43 | INFO | imlvr.imlvr.api_metrics | Metrics | iter=3 | acc=0.4375 | loss=1.8465
2025-09-29 15:46:43 | INFO | imlvr.communicator | Sent metrics | iter=3 | acc=0.4375 | loss=1.8465
2025-09-29 15:46:43 | INFO | imlvr.imlvr.active_learning | step=4 | batch=32 | loss=1.7562 | acc=0.531
2025-09-29 15:46:43 | INFO | imlvr.imlvr.api_metrics | Metrics | iter=4 | acc=0.5312 | loss=1.7562
2025-09-29 15:46:43 | INFO | imlvr.communicator | Sent metrics | iter=4 | acc=0.5312 | loss=1.7562
2025-09-29 15:46:43 | INFO | imlvr.imlvr.active_learning | step=5 | batch=32 | loss=1.6757 | acc=0.531
2025-09-29 15:46:43 | INFO | imlvr.imlvr.api_metrics | Metrics | iter=5 | acc=0.5312 | loss=1.6757
2025-09-29 15:46:43 | INFO | imlvr.communicator | Sent metrics | iter=5 | acc=0.5312 | loss=1.6757
2025-09-29 15:46:43 | INFO | imlvr.imlvr.active_learning | Gather full dataset view (for frontend)
2025-09-29 15:46:44 | INFO | imlvr.imlvr.active_learning | Gathered view | total=7895 | dims=64
2025-09-29 15:46:44 | INFO | imlvr.communicator | Sent embeddings | iter=5 | shape=(7895, 64)
2025-09-29 15:46:44 | INFO | imlvr.imlvr.active_learning | step=6 | batch=8 | loss=2.5782 | acc=0.125
2025-09-29 15:46:44 | INFO | imlvr.imlvr.api_metrics | Metrics | iter=6 | acc=0.1250 | loss=2.5782
2025-09-29 15:46:44 | INFO | imlvr.communicator | Sent metrics | iter=6 | acc=0.1250 | loss=2.5782
2025-09-29 15:47:28 | INFO | imlvr.imlvr.active_learning | Suggest annotations | count=5
2025-09-29 15:47:28 | INFO | imlvr.imlvr.api_annotations | New annotation request | count=5
2025-09-29 15:47:28 | INFO | imlvr.communicator | Sent annotation request | n=5
2025-09-29 15:47:28 | INFO | imlvr.main | Epoch end | iter=7 | test_acc=0.5783 | last_loss=2.5782
2025-09-29 15:47:28 | INFO | imlvr.imlvr.api_metrics | Metrics | iter=7 | acc=0.5783 | loss=2.5782
2025-09-29 15:47:28 | INFO | imlvr.communicator | Sent metrics | iter=7 | acc=0.5783 | loss=2.5782
2025-09-29 15:47:28 | INFO | imlvr.main | Checkpoint saved
2025-09-29 15:47:48 | INFO | imlvr.main | Training run finished
2025-09-29 15:51:20 | INFO | imlvr.main | FastAPI server started on http://0.0.0.0:8000
2025-09-29 15:51:21 | INFO | imlvr.main | Startup: created components
2025-09-29 15:51:21 | INFO | imlvr.main | Loaded checkpoint @iter=7 | labeled=200 | unlabeled=7695
2025-09-29 15:51:21 | INFO | imlvr.main | Loaded human annotations: 0
2025-09-29 15:51:22 | INFO | imlvr.main | Split ready | train=7895 | labeled_seed=200 | unlabeled_seed=7695 | test=837
2025-09-29 15:51:43 | INFO | imlvr.imlvr.active_learning | Run start | start_iter=7 | steps=7
2025-09-29 15:51:43 | INFO | imlvr.imlvr.active_learning | step=7 | batch=32 | loss=1.1607 | acc=0.719
2025-09-29 15:51:43 | INFO | imlvr.imlvr.api_metrics | Metrics | iter=7 | acc=0.7188 | loss=1.1607
2025-09-29 15:51:43 | INFO | imlvr.communicator | Sent metrics | iter=7 | acc=0.7188 | loss=1.1607
2025-09-29 15:51:43 | INFO | imlvr.imlvr.active_learning | Gather full dataset view (for frontend)
2025-09-29 15:51:44 | INFO | imlvr.imlvr.active_learning | Gathered view | total=7895 | dims=64
2025-09-29 15:51:44 | INFO | imlvr.communicator | Sent embeddings | iter=7 | shape=(7895, 64)
2025-09-29 15:51:44 | INFO | imlvr.imlvr.active_learning | step=8 | batch=32 | loss=1.3656 | acc=0.656
2025-09-29 15:51:44 | INFO | imlvr.imlvr.api_metrics | Metrics | iter=8 | acc=0.6562 | loss=1.3656
2025-09-29 15:51:44 | INFO | imlvr.communicator | Sent metrics | iter=8 | acc=0.6562 | loss=1.3656
2025-09-29 15:51:44 | INFO | imlvr.imlvr.active_learning | step=9 | batch=32 | loss=1.2912 | acc=0.500
2025-09-29 15:51:44 | INFO | imlvr.imlvr.api_metrics | Metrics | iter=9 | acc=0.5000 | loss=1.2912
2025-09-29 15:51:44 | INFO | imlvr.communicator | Sent metrics | iter=9 | acc=0.5000 | loss=1.2912
2025-09-29 15:51:44 | INFO | imlvr.imlvr.active_learning | step=10 | batch=32 | loss=1.2068 | acc=0.625
2025-09-29 15:51:44 | INFO | imlvr.imlvr.api_metrics | Metrics | iter=10 | acc=0.6250 | loss=1.2068
2025-09-29 15:51:44 | INFO | imlvr.communicator | Sent metrics | iter=10 | acc=0.6250 | loss=1.2068
2025-09-29 15:51:44 | INFO | imlvr.imlvr.active_learning | step=11 | batch=32 | loss=1.3536 | acc=0.531
2025-09-29 15:51:44 | INFO | imlvr.imlvr.api_metrics | Metrics | iter=11 | acc=0.5312 | loss=1.3536
2025-09-29 15:51:44 | INFO | imlvr.communicator | Sent metrics | iter=11 | acc=0.5312 | loss=1.3536
2025-09-29 15:51:44 | INFO | imlvr.imlvr.active_learning | step=12 | batch=32 | loss=1.2913 | acc=0.562
2025-09-29 15:51:44 | INFO | imlvr.imlvr.api_metrics | Metrics | iter=12 | acc=0.5625 | loss=1.2913
2025-09-29 15:51:44 | INFO | imlvr.communicator | Sent metrics | iter=12 | acc=0.5625 | loss=1.2913
2025-09-29 15:51:44 | INFO | imlvr.imlvr.active_learning | step=13 | batch=8 | loss=1.0358 | acc=0.625
2025-09-29 15:51:44 | INFO | imlvr.imlvr.api_metrics | Metrics | iter=13 | acc=0.6250 | loss=1.0358
2025-09-29 15:51:44 | INFO | imlvr.communicator | Sent metrics | iter=13 | acc=0.6250 | loss=1.0358
2025-09-29 15:52:25 | INFO | imlvr.imlvr.active_learning | Suggest annotations | count=5
2025-09-29 15:52:25 | INFO | imlvr.imlvr.api_annotations | New annotation request | count=5
2025-09-29 15:52:25 | INFO | imlvr.communicator | Sent annotation request | n=5
2025-09-29 15:52:25 | INFO | imlvr.main | Epoch end | iter=14 | test_acc=0.5914 | last_loss=1.0358
2025-09-29 15:52:25 | INFO | imlvr.imlvr.api_metrics | Metrics | iter=14 | acc=0.5914 | loss=1.0358
2025-09-29 15:52:25 | INFO | imlvr.communicator | Sent metrics | iter=14 | acc=0.5914 | loss=1.0358
2025-09-29 15:52:26 | INFO | imlvr.main | Checkpoint saved
2025-09-29 15:52:46 | INFO | imlvr.main | Training run finished
2025-09-29 15:59:19 | INFO | imlvr.main | FastAPI server started on http://0.0.0.0:8000
2025-09-29 15:59:21 | INFO | imlvr.main | Startup: created components
2025-09-29 15:59:21 | INFO | imlvr.main | No checkpoint found; starting fresh
2025-09-29 15:59:21 | INFO | imlvr.main | Loaded human annotations: 0
2025-09-29 15:59:21 | INFO | imlvr.main | Split ready | train=7895 | labeled_seed=200 | unlabeled_seed=7695 | test=837
2025-09-29 15:59:44 | INFO | imlvr.imlvr.active_learning | Run start | start_iter=0 | steps=7
2025-09-29 15:59:44 | INFO | imlvr.imlvr.active_learning | step=0 | batch=32 | loss=2.2901 | acc=0.125
2025-09-29 15:59:44 | INFO | imlvr.imlvr.api_metrics | Metrics | iter=0 | acc=0.1250 | loss=2.2901
2025-09-29 15:59:44 | INFO | imlvr.communicator | Sent metrics | iter=0 | acc=0.1250 | loss=2.2901
2025-09-29 15:59:44 | INFO | imlvr.imlvr.active_learning | Gather full dataset view (for frontend)
2025-09-29 15:59:45 | INFO | imlvr.imlvr.active_learning | Gathered view | total=7895 | dims=64
2025-09-29 15:59:45 | INFO | imlvr.communicator | Sent embeddings | iter=0 | shape=(7895, 64)
2025-09-29 15:59:45 | INFO | imlvr.imlvr.active_learning | step=1 | batch=32 | loss=2.0580 | acc=0.312
2025-09-29 15:59:45 | INFO | imlvr.imlvr.api_metrics | Metrics | iter=1 | acc=0.3125 | loss=2.0580
2025-09-29 15:59:45 | INFO | imlvr.communicator | Sent metrics | iter=1 | acc=0.3125 | loss=2.0580
2025-09-29 15:59:45 | INFO | imlvr.imlvr.active_learning | step=2 | batch=32 | loss=2.0219 | acc=0.375
2025-09-29 15:59:45 | INFO | imlvr.imlvr.api_metrics | Metrics | iter=2 | acc=0.3750 | loss=2.0219
2025-09-29 15:59:45 | INFO | imlvr.communicator | Sent metrics | iter=2 | acc=0.3750 | loss=2.0219
2025-09-29 15:59:45 | INFO | imlvr.imlvr.active_learning | step=3 | batch=32 | loss=1.9735 | acc=0.344
2025-09-29 15:59:45 | INFO | imlvr.imlvr.api_metrics | Metrics | iter=3 | acc=0.3438 | loss=1.9735
2025-09-29 15:59:45 | INFO | imlvr.communicator | Sent metrics | iter=3 | acc=0.3438 | loss=1.9735
2025-09-29 15:59:45 | INFO | imlvr.imlvr.active_learning | step=4 | batch=32 | loss=1.8382 | acc=0.625
2025-09-29 15:59:45 | INFO | imlvr.imlvr.api_metrics | Metrics | iter=4 | acc=0.6250 | loss=1.8382
2025-09-29 15:59:45 | INFO | imlvr.communicator | Sent metrics | iter=4 | acc=0.6250 | loss=1.8382
2025-09-29 15:59:45 | INFO | imlvr.imlvr.active_learning | step=5 | batch=32 | loss=1.6790 | acc=0.375
2025-09-29 15:59:45 | INFO | imlvr.imlvr.api_metrics | Metrics | iter=5 | acc=0.3750 | loss=1.6790
2025-09-29 15:59:45 | INFO | imlvr.communicator | Sent metrics | iter=5 | acc=0.3750 | loss=1.6790
2025-09-29 15:59:45 | INFO | imlvr.imlvr.active_learning | step=6 | batch=8 | loss=1.4208 | acc=0.750
2025-09-29 15:59:45 | INFO | imlvr.imlvr.api_metrics | Metrics | iter=6 | acc=0.7500 | loss=1.4208
2025-09-29 15:59:45 | INFO | imlvr.communicator | Sent metrics | iter=6 | acc=0.7500 | loss=1.4208
2025-09-29 16:00:29 | INFO | imlvr.imlvr.active_learning | Suggest annotations | count=5
2025-09-29 16:00:29 | INFO | imlvr.imlvr.api_annotations | New annotation request | count=5
2025-09-29 16:00:29 | INFO | imlvr.communicator | Sent annotation request | n=5
2025-09-29 16:00:29 | INFO | imlvr.main | Epoch end | iter=7 | test_acc=0.5472 | last_loss=1.4208
2025-09-29 16:00:29 | INFO | imlvr.imlvr.api_metrics | Metrics | iter=7 | acc=0.5472 | loss=1.4208
2025-09-29 16:00:29 | INFO | imlvr.communicator | Sent metrics | iter=7 | acc=0.5472 | loss=1.4208
2025-09-29 16:00:29 | INFO | imlvr.main | Checkpoint saved
2025-09-29 16:00:49 | INFO | imlvr.main | Training run finished
2025-09-29 16:32:26 | INFO | imlvr.main | FastAPI server started on http://0.0.0.0:8000
2025-09-29 16:32:27 | INFO | imlvr.main | Startup: created components
2025-09-29 16:33:07 | INFO | imlvr.main | FastAPI server started on http://0.0.0.0:8000
2025-09-29 16:33:09 | INFO | imlvr.main | Startup: created components
2025-09-29 16:33:09 | INFO | imlvr.main | No checkpoint found; starting fresh
2025-09-29 16:33:09 | INFO | imlvr.main | Loaded human annotations: 0
2025-09-29 16:33:09 | INFO | imlvr.main | Split ready | train=7895 | labeled_seed=200 | unlabeled_seed=7695 | test=837
2025-09-29 16:33:29 | INFO | imlvr.imlvr.active_learning | Run start | start_iter=0 | steps=14
2025-09-29 16:33:30 | INFO | imlvr.imlvr.active_learning | step=0 | batch=32 | loss=2.4739 | acc=0.031
2025-09-29 16:33:30 | INFO | imlvr.imlvr.api_metrics | Metrics | iter=0 | acc=0.0312 | loss=2.4739
2025-09-29 16:33:30 | INFO | imlvr.communicator | Sent metrics | iter=0 | acc=0.0312 | loss=2.4739
2025-09-29 16:33:30 | INFO | imlvr.imlvr.active_learning | Gather full dataset view (for frontend)
2025-09-29 16:33:30 | INFO | imlvr.imlvr.active_learning | Gathered view | total=7895 | dims=3
2025-09-29 16:33:30 | INFO | imlvr.imlvr.api_embeddings | Received embeddings | iter=0 | shape=(7895, 3)
2025-09-29 16:33:30 | INFO | imlvr.communicator | Sent embeddings | iter=0 | shape=(7895, 3)
2025-09-29 16:33:30 | INFO | imlvr.imlvr.active_learning | step=1 | batch=32 | loss=2.2646 | acc=0.125
2025-09-29 16:33:30 | INFO | imlvr.imlvr.api_metrics | Metrics | iter=1 | acc=0.1250 | loss=2.2646
2025-09-29 16:33:30 | INFO | imlvr.communicator | Sent metrics | iter=1 | acc=0.1250 | loss=2.2646
2025-09-29 16:33:30 | INFO | imlvr.imlvr.active_learning | step=2 | batch=32 | loss=2.0729 | acc=0.344
2025-09-29 16:33:30 | INFO | imlvr.imlvr.api_metrics | Metrics | iter=2 | acc=0.3438 | loss=2.0729
2025-09-29 16:33:30 | INFO | imlvr.communicator | Sent metrics | iter=2 | acc=0.3438 | loss=2.0729
2025-09-29 16:33:30 | INFO | imlvr.imlvr.active_learning | step=3 | batch=32 | loss=1.8370 | acc=0.469
2025-09-29 16:33:30 | INFO | imlvr.imlvr.api_metrics | Metrics | iter=3 | acc=0.4688 | loss=1.8370
2025-09-29 16:33:30 | INFO | imlvr.communicator | Sent metrics | iter=3 | acc=0.4688 | loss=1.8370
2025-09-29 16:33:30 | INFO | imlvr.imlvr.active_learning | step=4 | batch=32 | loss=2.0477 | acc=0.281
2025-09-29 16:33:30 | INFO | imlvr.imlvr.api_metrics | Metrics | iter=4 | acc=0.2812 | loss=2.0477
2025-09-29 16:33:30 | INFO | imlvr.communicator | Sent metrics | iter=4 | acc=0.2812 | loss=2.0477
2025-09-29 16:33:30 | INFO | imlvr.imlvr.active_learning | step=5 | batch=32 | loss=2.1615 | acc=0.281
2025-09-29 16:33:30 | INFO | imlvr.imlvr.api_metrics | Metrics | iter=5 | acc=0.2812 | loss=2.1615
2025-09-29 16:33:30 | INFO | imlvr.communicator | Sent metrics | iter=5 | acc=0.2812 | loss=2.1615
2025-09-29 16:33:30 | INFO | imlvr.imlvr.active_learning | Gather full dataset view (for frontend)
2025-09-29 16:33:30 | INFO | imlvr.imlvr.active_learning | Gathered view | total=7895 | dims=3
2025-09-29 16:33:30 | INFO | imlvr.imlvr.api_embeddings | Received embeddings | iter=5 | shape=(7895, 3)
2025-09-29 16:33:30 | INFO | imlvr.communicator | Sent embeddings | iter=5 | shape=(7895, 3)
2025-09-29 16:33:30 | INFO | imlvr.imlvr.active_learning | step=6 | batch=8 | loss=2.0666 | acc=0.375
2025-09-29 16:33:30 | INFO | imlvr.imlvr.api_metrics | Metrics | iter=6 | acc=0.3750 | loss=2.0666
2025-09-29 16:33:30 | INFO | imlvr.communicator | Sent metrics | iter=6 | acc=0.3750 | loss=2.0666
2025-09-29 16:33:49 | INFO | imlvr.imlvr.api_embeddings | Served embeddings | iter=5 | n=7895
2025-09-29 16:34:13 | INFO | imlvr.imlvr.active_learning | step=7 | batch=32 | loss=1.2231 | acc=0.625
2025-09-29 16:34:13 | INFO | imlvr.imlvr.api_metrics | Metrics | iter=7 | acc=0.6250 | loss=1.2231
2025-09-29 16:34:13 | INFO | imlvr.communicator | Sent metrics | iter=7 | acc=0.6250 | loss=1.2231
2025-09-29 16:34:13 | INFO | imlvr.imlvr.active_learning | step=8 | batch=32 | loss=1.7349 | acc=0.469
2025-09-29 16:34:13 | INFO | imlvr.imlvr.api_metrics | Metrics | iter=8 | acc=0.4688 | loss=1.7349
2025-09-29 16:34:13 | INFO | imlvr.communicator | Sent metrics | iter=8 | acc=0.4688 | loss=1.7349
2025-09-29 16:34:13 | INFO | imlvr.imlvr.active_learning | step=9 | batch=32 | loss=2.2063 | acc=0.219
2025-09-29 16:34:13 | INFO | imlvr.imlvr.api_metrics | Metrics | iter=9 | acc=0.2188 | loss=2.2063
2025-09-29 16:34:13 | INFO | imlvr.communicator | Sent metrics | iter=9 | acc=0.2188 | loss=2.2063
2025-09-29 16:34:13 | INFO | imlvr.imlvr.active_learning | step=10 | batch=32 | loss=1.8604 | acc=0.344
2025-09-29 16:34:13 | INFO | imlvr.imlvr.api_metrics | Metrics | iter=10 | acc=0.3438 | loss=1.8604
2025-09-29 16:34:13 | INFO | imlvr.communicator | Sent metrics | iter=10 | acc=0.3438 | loss=1.8604
2025-09-29 16:34:13 | INFO | imlvr.imlvr.active_learning | Gather full dataset view (for frontend)
2025-09-29 16:34:13 | INFO | imlvr.imlvr.active_learning | Gathered view | total=7895 | dims=3
2025-09-29 16:34:13 | INFO | imlvr.imlvr.api_embeddings | Received embeddings | iter=10 | shape=(7895, 3)
2025-09-29 16:34:13 | INFO | imlvr.communicator | Sent embeddings | iter=10 | shape=(7895, 3)
2025-09-29 16:34:13 | INFO | imlvr.imlvr.active_learning | step=11 | batch=32 | loss=1.7251 | acc=0.281
2025-09-29 16:34:13 | INFO | imlvr.imlvr.api_metrics | Metrics | iter=11 | acc=0.2812 | loss=1.7251
2025-09-29 16:34:13 | INFO | imlvr.communicator | Sent metrics | iter=11 | acc=0.2812 | loss=1.7251
2025-09-29 16:34:13 | INFO | imlvr.imlvr.active_learning | step=12 | batch=32 | loss=1.6657 | acc=0.406
2025-09-29 16:34:13 | INFO | imlvr.imlvr.api_metrics | Metrics | iter=12 | acc=0.4062 | loss=1.6657
2025-09-29 16:34:13 | INFO | imlvr.communicator | Sent metrics | iter=12 | acc=0.4062 | loss=1.6657
2025-09-29 16:34:13 | INFO | imlvr.imlvr.active_learning | step=13 | batch=8 | loss=1.5611 | acc=0.500
2025-09-29 16:34:13 | INFO | imlvr.imlvr.api_metrics | Metrics | iter=13 | acc=0.5000 | loss=1.5611
2025-09-29 16:34:13 | INFO | imlvr.communicator | Sent metrics | iter=13 | acc=0.5000 | loss=1.5611
2025-09-29 16:34:55 | INFO | imlvr.imlvr.active_learning | Suggest annotations | count=10
2025-09-29 16:34:55 | INFO | imlvr.imlvr.api_annotations | New annotation request | count=10
2025-09-29 16:34:55 | INFO | imlvr.communicator | Sent annotation request | n=10
2025-09-29 16:34:55 | INFO | imlvr.main | Epoch end | iter=14 | test_acc=0.4349 | last_loss=1.5611
2025-09-29 16:34:55 | INFO | imlvr.imlvr.api_metrics | Metrics | iter=14 | acc=0.4349 | loss=1.5611
2025-09-29 16:34:55 | INFO | imlvr.communicator | Sent metrics | iter=14 | acc=0.4349 | loss=1.5611
2025-09-29 16:34:55 | INFO | imlvr.main | Checkpoint saved
2025-09-29 16:41:24 | INFO | imlvr.imlvr.api_annotations | Stored human annotations | updated=2 | total=2
2025-09-29 16:41:24 | INFO | imlvr.main | Detected new labels | total=2 | resuming training
2025-09-29 16:42:08 | INFO | imlvr.main | Applied new human annotations | +2
2025-09-29 16:42:08 | INFO | imlvr.imlvr.active_learning | Run start | start_iter=14 | steps=14
2025-09-29 16:42:08 | INFO | imlvr.imlvr.active_learning | step=14 | batch=32 | loss=1.6422 | acc=0.531
2025-09-29 16:42:08 | INFO | imlvr.imlvr.api_metrics | Metrics | iter=14 | acc=0.5312 | loss=1.6422
2025-09-29 16:42:08 | INFO | imlvr.communicator | Sent metrics | iter=14 | acc=0.5312 | loss=1.6422
2025-09-29 16:42:08 | INFO | imlvr.imlvr.active_learning | Gather full dataset view (for frontend)
2025-09-29 16:42:09 | INFO | imlvr.imlvr.active_learning | Gathered view | total=7895 | dims=3
2025-09-29 16:42:09 | INFO | imlvr.imlvr.api_embeddings | Received embeddings | iter=14 | shape=(7895, 3)
2025-09-29 16:42:09 | INFO | imlvr.communicator | Sent embeddings | iter=14 | shape=(7895, 3)
2025-09-29 16:42:09 | INFO | imlvr.imlvr.active_learning | step=15 | batch=32 | loss=1.6651 | acc=0.375
2025-09-29 16:42:09 | INFO | imlvr.imlvr.api_metrics | Metrics | iter=15 | acc=0.3750 | loss=1.6651
2025-09-29 16:42:09 | INFO | imlvr.communicator | Sent metrics | iter=15 | acc=0.3750 | loss=1.6651
2025-09-29 16:42:09 | INFO | imlvr.imlvr.active_learning | step=16 | batch=32 | loss=1.4813 | acc=0.469
2025-09-29 16:42:09 | INFO | imlvr.imlvr.api_metrics | Metrics | iter=16 | acc=0.4688 | loss=1.4813
2025-09-29 16:42:09 | INFO | imlvr.communicator | Sent metrics | iter=16 | acc=0.4688 | loss=1.4813
2025-09-29 16:42:09 | INFO | imlvr.imlvr.active_learning | step=17 | batch=32 | loss=1.5554 | acc=0.469
2025-09-29 16:42:09 | INFO | imlvr.imlvr.api_metrics | Metrics | iter=17 | acc=0.4688 | loss=1.5554
2025-09-29 16:42:09 | INFO | imlvr.communicator | Sent metrics | iter=17 | acc=0.4688 | loss=1.5554
2025-09-29 16:42:09 | INFO | imlvr.imlvr.active_learning | step=18 | batch=32 | loss=1.6409 | acc=0.406
2025-09-29 16:42:09 | INFO | imlvr.imlvr.api_metrics | Metrics | iter=18 | acc=0.4062 | loss=1.6409
2025-09-29 16:42:09 | INFO | imlvr.communicator | Sent metrics | iter=18 | acc=0.4062 | loss=1.6409
2025-09-29 16:42:09 | INFO | imlvr.imlvr.active_learning | step=19 | batch=32 | loss=1.4700 | acc=0.469
2025-09-29 16:42:09 | INFO | imlvr.imlvr.api_metrics | Metrics | iter=19 | acc=0.4688 | loss=1.4700
2025-09-29 16:42:09 | INFO | imlvr.communicator | Sent metrics | iter=19 | acc=0.4688 | loss=1.4700
2025-09-29 16:42:09 | INFO | imlvr.imlvr.active_learning | Gather full dataset view (for frontend)
2025-09-29 16:42:09 | INFO | imlvr.imlvr.active_learning | Gathered view | total=7895 | dims=3
2025-09-29 16:42:09 | INFO | imlvr.imlvr.api_embeddings | Received embeddings | iter=19 | shape=(7895, 3)
2025-09-29 16:42:09 | INFO | imlvr.communicator | Sent embeddings | iter=19 | shape=(7895, 3)
2025-09-29 16:42:09 | INFO | imlvr.imlvr.active_learning | step=20 | batch=10 | loss=1.2438 | acc=0.500
2025-09-29 16:42:09 | INFO | imlvr.imlvr.api_metrics | Metrics | iter=20 | acc=0.5000 | loss=1.2438
2025-09-29 16:42:09 | INFO | imlvr.communicator | Sent metrics | iter=20 | acc=0.5000 | loss=1.2438
2025-09-29 16:42:51 | INFO | imlvr.imlvr.active_learning | step=21 | batch=32 | loss=1.4604 | acc=0.438
2025-09-29 16:42:51 | INFO | imlvr.imlvr.api_metrics | Metrics | iter=21 | acc=0.4375 | loss=1.4604
2025-09-29 16:42:51 | INFO | imlvr.communicator | Sent metrics | iter=21 | acc=0.4375 | loss=1.4604
2025-09-29 16:42:51 | INFO | imlvr.imlvr.active_learning | step=22 | batch=32 | loss=1.2410 | acc=0.562
2025-09-29 16:42:51 | INFO | imlvr.imlvr.api_metrics | Metrics | iter=22 | acc=0.5625 | loss=1.2410
2025-09-29 16:42:51 | INFO | imlvr.communicator | Sent metrics | iter=22 | acc=0.5625 | loss=1.2410
2025-09-29 16:42:51 | INFO | imlvr.imlvr.active_learning | step=23 | batch=32 | loss=1.4149 | acc=0.500
2025-09-29 16:42:51 | INFO | imlvr.imlvr.api_metrics | Metrics | iter=23 | acc=0.5000 | loss=1.4149
2025-09-29 16:42:51 | INFO | imlvr.communicator | Sent metrics | iter=23 | acc=0.5000 | loss=1.4149
2025-09-29 16:42:51 | INFO | imlvr.imlvr.active_learning | step=24 | batch=32 | loss=1.4942 | acc=0.531
2025-09-29 16:42:51 | INFO | imlvr.imlvr.api_metrics | Metrics | iter=24 | acc=0.5312 | loss=1.4942
2025-09-29 16:42:51 | INFO | imlvr.communicator | Sent metrics | iter=24 | acc=0.5312 | loss=1.4942
2025-09-29 16:42:51 | INFO | imlvr.imlvr.active_learning | Gather full dataset view (for frontend)
2025-09-29 16:42:51 | INFO | imlvr.imlvr.active_learning | Gathered view | total=7895 | dims=3
2025-09-29 16:42:51 | INFO | imlvr.imlvr.api_embeddings | Received embeddings | iter=24 | shape=(7895, 3)
2025-09-29 16:42:51 | INFO | imlvr.communicator | Sent embeddings | iter=24 | shape=(7895, 3)
2025-09-29 16:42:51 | INFO | imlvr.imlvr.active_learning | step=25 | batch=32 | loss=1.8133 | acc=0.406
2025-09-29 16:42:51 | INFO | imlvr.imlvr.api_metrics | Metrics | iter=25 | acc=0.4062 | loss=1.8133
2025-09-29 16:42:51 | INFO | imlvr.communicator | Sent metrics | iter=25 | acc=0.4062 | loss=1.8133
2025-09-29 16:42:51 | INFO | imlvr.imlvr.active_learning | step=26 | batch=32 | loss=1.6492 | acc=0.406
2025-09-29 16:42:51 | INFO | imlvr.imlvr.api_metrics | Metrics | iter=26 | acc=0.4062 | loss=1.6492
2025-09-29 16:42:51 | INFO | imlvr.communicator | Sent metrics | iter=26 | acc=0.4062 | loss=1.6492
2025-09-29 16:42:51 | INFO | imlvr.imlvr.active_learning | step=27 | batch=10 | loss=1.2230 | acc=0.600
2025-09-29 16:42:51 | INFO | imlvr.imlvr.api_metrics | Metrics | iter=27 | acc=0.6000 | loss=1.2230
2025-09-29 16:42:51 | INFO | imlvr.communicator | Sent metrics | iter=27 | acc=0.6000 | loss=1.2230
2025-09-29 16:43:32 | INFO | imlvr.imlvr.active_learning | Suggest annotations | count=10
2025-09-29 16:43:32 | INFO | imlvr.imlvr.api_annotations | New annotation request | count=10
2025-09-29 16:43:32 | INFO | imlvr.communicator | Sent annotation request | n=10
2025-09-29 16:43:32 | INFO | imlvr.main | Epoch end | iter=28 | test_acc=0.4265 | last_loss=1.2230
2025-09-29 16:43:32 | INFO | imlvr.imlvr.api_metrics | Metrics | iter=28 | acc=0.4265 | loss=1.2230
2025-09-29 16:43:32 | INFO | imlvr.communicator | Sent metrics | iter=28 | acc=0.4265 | loss=1.2230
2025-09-29 16:43:32 | INFO | imlvr.main | Checkpoint saved
2025-09-29 16:48:08 | INFO | imlvr.main | Interrupted by user
2025-09-29 16:48:16 | INFO | imlvr.main | FastAPI server started on http://0.0.0.0:8000
2025-09-29 16:48:18 | INFO | imlvr.main | Startup: created components
2025-09-29 16:48:18 | INFO | imlvr.main | No checkpoint found; starting fresh
2025-09-29 16:48:18 | INFO | imlvr.main | Loaded human annotations: 0
2025-09-29 16:48:18 | INFO | imlvr.main | Split ready | train=7895 | labeled_seed=200 | unlabeled_seed=7695 | test=837
2025-09-29 16:48:38 | INFO | imlvr.imlvr.active_learning | Run start | start_iter=0 | steps=14
2025-09-29 16:48:38 | INFO | imlvr.imlvr.active_learning | step=0 | batch=32 | loss=2.2766 | acc=0.156
2025-09-29 16:48:38 | INFO | imlvr.imlvr.api_metrics | Metrics | iter=0 | acc=0.1562 | loss=2.2766
2025-09-29 16:48:38 | INFO | imlvr.communicator | Sent metrics | iter=0 | acc=0.1562 | loss=2.2766
2025-09-29 16:48:38 | INFO | imlvr.imlvr.active_learning | Gather full dataset view (for frontend)
2025-09-29 16:48:39 | INFO | imlvr.imlvr.active_learning | Gathered view | total=7895 | dims=3
2025-09-29 16:48:39 | INFO | imlvr.imlvr.api_embeddings | Received embeddings | iter=0 | shape=(7895, 3)
2025-09-29 16:48:39 | INFO | imlvr.communicator | Sent embeddings | iter=0 | shape=(7895, 3)
2025-09-29 16:48:39 | INFO | imlvr.imlvr.active_learning | step=1 | batch=32 | loss=2.3099 | acc=0.062
2025-09-29 16:48:39 | INFO | imlvr.imlvr.api_metrics | Metrics | iter=1 | acc=0.0625 | loss=2.3099
2025-09-29 16:48:39 | INFO | imlvr.communicator | Sent metrics | iter=1 | acc=0.0625 | loss=2.3099
2025-09-29 16:48:39 | INFO | imlvr.imlvr.active_learning | step=2 | batch=32 | loss=2.2101 | acc=0.125
2025-09-29 16:48:39 | INFO | imlvr.imlvr.api_metrics | Metrics | iter=2 | acc=0.1250 | loss=2.2101
2025-09-29 16:48:39 | INFO | imlvr.communicator | Sent metrics | iter=2 | acc=0.1250 | loss=2.2101
2025-09-29 16:48:39 | INFO | imlvr.imlvr.active_learning | step=3 | batch=32 | loss=1.9220 | acc=0.250
2025-09-29 16:48:39 | INFO | imlvr.imlvr.api_metrics | Metrics | iter=3 | acc=0.2500 | loss=1.9220
2025-09-29 16:48:39 | INFO | imlvr.communicator | Sent metrics | iter=3 | acc=0.2500 | loss=1.9220
2025-09-29 16:48:39 | INFO | imlvr.imlvr.active_learning | step=4 | batch=32 | loss=2.0704 | acc=0.312
2025-09-29 16:48:39 | INFO | imlvr.imlvr.api_metrics | Metrics | iter=4 | acc=0.3125 | loss=2.0704
2025-09-29 16:48:39 | INFO | imlvr.communicator | Sent metrics | iter=4 | acc=0.3125 | loss=2.0704
2025-09-29 16:48:39 | INFO | imlvr.imlvr.active_learning | step=5 | batch=32 | loss=2.0006 | acc=0.281
2025-09-29 16:48:39 | INFO | imlvr.imlvr.api_metrics | Metrics | iter=5 | acc=0.2812 | loss=2.0006
2025-09-29 16:48:39 | INFO | imlvr.communicator | Sent metrics | iter=5 | acc=0.2812 | loss=2.0006
2025-09-29 16:48:39 | INFO | imlvr.imlvr.active_learning | Gather full dataset view (for frontend)
2025-09-29 16:48:39 | INFO | imlvr.imlvr.active_learning | Gathered view | total=7895 | dims=3
2025-09-29 16:48:39 | INFO | imlvr.imlvr.api_embeddings | Received embeddings | iter=5 | shape=(7895, 3)
2025-09-29 16:48:39 | INFO | imlvr.communicator | Sent embeddings | iter=5 | shape=(7895, 3)
2025-09-29 16:48:39 | INFO | imlvr.imlvr.active_learning | step=6 | batch=8 | loss=2.2093 | acc=0.250
2025-09-29 16:48:39 | INFO | imlvr.imlvr.api_metrics | Metrics | iter=6 | acc=0.2500 | loss=2.2093
2025-09-29 16:48:39 | INFO | imlvr.communicator | Sent metrics | iter=6 | acc=0.2500 | loss=2.2093
2025-09-29 16:49:19 | INFO | imlvr.imlvr.active_learning | step=7 | batch=32 | loss=1.7410 | acc=0.281
2025-09-29 16:49:19 | INFO | imlvr.imlvr.api_metrics | Metrics | iter=7 | acc=0.2812 | loss=1.7410
2025-09-29 16:49:19 | INFO | imlvr.communicator | Sent metrics | iter=7 | acc=0.2812 | loss=1.7410
2025-09-29 16:49:20 | INFO | imlvr.imlvr.active_learning | step=8 | batch=32 | loss=1.8306 | acc=0.344
2025-09-29 16:49:20 | INFO | imlvr.imlvr.api_metrics | Metrics | iter=8 | acc=0.3438 | loss=1.8306
2025-09-29 16:49:20 | INFO | imlvr.communicator | Sent metrics | iter=8 | acc=0.3438 | loss=1.8306
2025-09-29 16:49:20 | INFO | imlvr.imlvr.active_learning | step=9 | batch=32 | loss=1.6722 | acc=0.469
2025-09-29 16:49:20 | INFO | imlvr.imlvr.api_metrics | Metrics | iter=9 | acc=0.4688 | loss=1.6722
2025-09-29 16:49:20 | INFO | imlvr.communicator | Sent metrics | iter=9 | acc=0.4688 | loss=1.6722
2025-09-29 16:49:20 | INFO | imlvr.imlvr.active_learning | step=10 | batch=32 | loss=1.6253 | acc=0.344
2025-09-29 16:49:20 | INFO | imlvr.imlvr.api_metrics | Metrics | iter=10 | acc=0.3438 | loss=1.6253
2025-09-29 16:49:20 | INFO | imlvr.communicator | Sent metrics | iter=10 | acc=0.3438 | loss=1.6253
2025-09-29 16:49:20 | INFO | imlvr.imlvr.active_learning | Gather full dataset view (for frontend)
2025-09-29 16:49:20 | INFO | imlvr.imlvr.active_learning | Gathered view | total=7895 | dims=3
2025-09-29 16:49:20 | INFO | imlvr.imlvr.api_embeddings | Received embeddings | iter=10 | shape=(7895, 3)
2025-09-29 16:49:20 | INFO | imlvr.communicator | Sent embeddings | iter=10 | shape=(7895, 3)
2025-09-29 16:49:20 | INFO | imlvr.imlvr.active_learning | step=11 | batch=32 | loss=1.7072 | acc=0.281
2025-09-29 16:49:20 | INFO | imlvr.imlvr.api_metrics | Metrics | iter=11 | acc=0.2812 | loss=1.7072
2025-09-29 16:49:20 | INFO | imlvr.communicator | Sent metrics | iter=11 | acc=0.2812 | loss=1.7072
2025-09-29 16:49:20 | INFO | imlvr.imlvr.active_learning | step=12 | batch=32 | loss=1.6260 | acc=0.469
2025-09-29 16:49:20 | INFO | imlvr.imlvr.api_metrics | Metrics | iter=12 | acc=0.4688 | loss=1.6260
2025-09-29 16:49:20 | INFO | imlvr.communicator | Sent metrics | iter=12 | acc=0.4688 | loss=1.6260
2025-09-29 16:49:20 | INFO | imlvr.imlvr.active_learning | step=13 | batch=8 | loss=1.1349 | acc=0.875
2025-09-29 16:49:20 | INFO | imlvr.imlvr.api_metrics | Metrics | iter=13 | acc=0.8750 | loss=1.1349
2025-09-29 16:49:20 | INFO | imlvr.communicator | Sent metrics | iter=13 | acc=0.8750 | loss=1.1349
2025-09-29 16:50:01 | INFO | imlvr.imlvr.active_learning | Suggest annotations | count=10
2025-09-29 16:50:01 | INFO | imlvr.imlvr.api_annotations | New annotation request | count=10
2025-09-29 16:50:01 | INFO | imlvr.communicator | Sent annotation request | n=10
2025-09-29 16:50:01 | INFO | imlvr.main | Epoch end | iter=14 | test_acc=0.3919 | last_loss=1.1349
2025-09-29 16:50:01 | INFO | imlvr.imlvr.api_metrics | Metrics | iter=14 | acc=0.3919 | loss=1.1349
2025-09-29 16:50:01 | INFO | imlvr.communicator | Sent metrics | iter=14 | acc=0.3919 | loss=1.1349
2025-09-29 16:50:02 | INFO | imlvr.main | Checkpoint saved
2025-09-29 17:05:37 | INFO | imlvr.imlvr.api_annotations | Stored human annotations | updated=10 | total=10
2025-09-29 17:05:38 | INFO | imlvr.main | Detected new labels | total=10 | resuming training
2025-09-29 17:06:23 | INFO | imlvr.main | Applied new human annotations | +10
2025-09-29 17:06:23 | INFO | imlvr.imlvr.active_learning | Run start | start_iter=14 | steps=14
2025-09-29 17:06:23 | INFO | imlvr.imlvr.active_learning | step=14 | batch=32 | loss=1.5377 | acc=0.406
2025-09-29 17:06:23 | INFO | imlvr.imlvr.api_metrics | Metrics | iter=14 | acc=0.4062 | loss=1.5377
2025-09-29 17:06:23 | INFO | imlvr.communicator | Sent metrics | iter=14 | acc=0.4062 | loss=1.5377
2025-09-29 17:06:23 | INFO | imlvr.imlvr.active_learning | Gather full dataset view (for frontend)
2025-09-29 17:06:24 | INFO | imlvr.imlvr.active_learning | Gathered view | total=7895 | dims=3
2025-09-29 17:06:24 | INFO | imlvr.imlvr.api_embeddings | Received embeddings | iter=14 | shape=(7895, 3)
2025-09-29 17:06:24 | INFO | imlvr.communicator | Sent embeddings | iter=14 | shape=(7895, 3)
2025-09-29 17:06:24 | INFO | imlvr.imlvr.active_learning | step=15 | batch=32 | loss=1.5669 | acc=0.312
2025-09-29 17:06:24 | INFO | imlvr.imlvr.api_metrics | Metrics | iter=15 | acc=0.3125 | loss=1.5669
2025-09-29 17:06:24 | INFO | imlvr.communicator | Sent metrics | iter=15 | acc=0.3125 | loss=1.5669
2025-09-29 17:06:24 | INFO | imlvr.imlvr.active_learning | step=16 | batch=32 | loss=1.3803 | acc=0.438
2025-09-29 17:06:24 | INFO | imlvr.imlvr.api_metrics | Metrics | iter=16 | acc=0.4375 | loss=1.3803
2025-09-29 17:06:24 | INFO | imlvr.communicator | Sent metrics | iter=16 | acc=0.4375 | loss=1.3803
2025-09-29 17:06:24 | INFO | imlvr.imlvr.active_learning | step=17 | batch=32 | loss=1.5694 | acc=0.469
2025-09-29 17:06:24 | INFO | imlvr.imlvr.api_metrics | Metrics | iter=17 | acc=0.4688 | loss=1.5694
2025-09-29 17:06:24 | INFO | imlvr.communicator | Sent metrics | iter=17 | acc=0.4688 | loss=1.5694
2025-09-29 17:06:24 | INFO | imlvr.imlvr.active_learning | step=18 | batch=32 | loss=1.4563 | acc=0.438
2025-09-29 17:06:24 | INFO | imlvr.imlvr.api_metrics | Metrics | iter=18 | acc=0.4375 | loss=1.4563
2025-09-29 17:06:24 | INFO | imlvr.communicator | Sent metrics | iter=18 | acc=0.4375 | loss=1.4563
2025-09-29 17:06:24 | INFO | imlvr.imlvr.active_learning | step=19 | batch=32 | loss=1.1995 | acc=0.594
2025-09-29 17:06:24 | INFO | imlvr.imlvr.api_metrics | Metrics | iter=19 | acc=0.5938 | loss=1.1995
2025-09-29 17:06:24 | INFO | imlvr.communicator | Sent metrics | iter=19 | acc=0.5938 | loss=1.1995
2025-09-29 17:06:24 | INFO | imlvr.imlvr.active_learning | Gather full dataset view (for frontend)
2025-09-29 17:06:24 | INFO | imlvr.imlvr.active_learning | Gathered view | total=7895 | dims=3
2025-09-29 17:06:24 | INFO | imlvr.imlvr.api_embeddings | Received embeddings | iter=19 | shape=(7895, 3)
2025-09-29 17:06:24 | INFO | imlvr.communicator | Sent embeddings | iter=19 | shape=(7895, 3)
2025-09-29 17:06:24 | INFO | imlvr.imlvr.active_learning | step=20 | batch=18 | loss=1.3947 | acc=0.611
2025-09-29 17:06:24 | INFO | imlvr.imlvr.api_metrics | Metrics | iter=20 | acc=0.6111 | loss=1.3947
2025-09-29 17:06:24 | INFO | imlvr.communicator | Sent metrics | iter=20 | acc=0.6111 | loss=1.3947
2025-09-29 17:07:06 | INFO | imlvr.imlvr.active_learning | step=21 | batch=32 | loss=1.6264 | acc=0.344
2025-09-29 17:07:06 | INFO | imlvr.imlvr.api_metrics | Metrics | iter=21 | acc=0.3438 | loss=1.6264
2025-09-29 17:07:06 | INFO | imlvr.communicator | Sent metrics | iter=21 | acc=0.3438 | loss=1.6264
2025-09-29 17:07:06 | INFO | imlvr.imlvr.active_learning | step=22 | batch=32 | loss=1.3355 | acc=0.469
2025-09-29 17:07:06 | INFO | imlvr.imlvr.api_metrics | Metrics | iter=22 | acc=0.4688 | loss=1.3355
2025-09-29 17:07:06 | INFO | imlvr.communicator | Sent metrics | iter=22 | acc=0.4688 | loss=1.3355
2025-09-29 17:07:06 | INFO | imlvr.imlvr.active_learning | step=23 | batch=32 | loss=0.8700 | acc=0.688
2025-09-29 17:07:06 | INFO | imlvr.imlvr.api_metrics | Metrics | iter=23 | acc=0.6875 | loss=0.8700
2025-09-29 17:07:06 | INFO | imlvr.communicator | Sent metrics | iter=23 | acc=0.6875 | loss=0.8700
2025-09-29 17:07:06 | INFO | imlvr.imlvr.active_learning | step=24 | batch=32 | loss=1.1434 | acc=0.562
2025-09-29 17:07:06 | INFO | imlvr.imlvr.api_metrics | Metrics | iter=24 | acc=0.5625 | loss=1.1434
2025-09-29 17:07:06 | INFO | imlvr.communicator | Sent metrics | iter=24 | acc=0.5625 | loss=1.1434
2025-09-29 17:07:06 | INFO | imlvr.imlvr.active_learning | Gather full dataset view (for frontend)
2025-09-29 17:07:06 | INFO | imlvr.imlvr.active_learning | Gathered view | total=7895 | dims=3
2025-09-29 17:07:06 | INFO | imlvr.imlvr.api_embeddings | Received embeddings | iter=24 | shape=(7895, 3)
2025-09-29 17:07:06 | INFO | imlvr.communicator | Sent embeddings | iter=24 | shape=(7895, 3)
2025-09-29 17:07:06 | INFO | imlvr.imlvr.active_learning | step=25 | batch=32 | loss=1.6004 | acc=0.438
2025-09-29 17:07:06 | INFO | imlvr.imlvr.api_metrics | Metrics | iter=25 | acc=0.4375 | loss=1.6004
2025-09-29 17:07:06 | INFO | imlvr.communicator | Sent metrics | iter=25 | acc=0.4375 | loss=1.6004
2025-09-29 17:07:06 | INFO | imlvr.imlvr.active_learning | step=26 | batch=32 | loss=1.2640 | acc=0.562
2025-09-29 17:07:06 | INFO | imlvr.imlvr.api_metrics | Metrics | iter=26 | acc=0.5625 | loss=1.2640
2025-09-29 17:07:06 | INFO | imlvr.communicator | Sent metrics | iter=26 | acc=0.5625 | loss=1.2640
2025-09-29 17:07:06 | INFO | imlvr.imlvr.active_learning | step=27 | batch=18 | loss=1.1605 | acc=0.500
2025-09-29 17:07:06 | INFO | imlvr.imlvr.api_metrics | Metrics | iter=27 | acc=0.5000 | loss=1.1605
2025-09-29 17:07:06 | INFO | imlvr.communicator | Sent metrics | iter=27 | acc=0.5000 | loss=1.1605
2025-09-29 17:07:47 | INFO | imlvr.imlvr.active_learning | Suggest annotations | count=10
2025-09-29 17:07:47 | INFO | imlvr.imlvr.api_annotations | New annotation request | count=10
2025-09-29 17:07:47 | INFO | imlvr.communicator | Sent annotation request | n=10
2025-09-29 17:07:47 | INFO | imlvr.main | Epoch end | iter=28 | test_acc=0.4671 | last_loss=1.1605
2025-09-29 17:07:47 | INFO | imlvr.imlvr.api_metrics | Metrics | iter=28 | acc=0.4671 | loss=1.1605
2025-09-29 17:07:47 | INFO | imlvr.communicator | Sent metrics | iter=28 | acc=0.4671 | loss=1.1605
2025-09-29 17:07:47 | INFO | imlvr.main | Checkpoint saved
